
> edunext-client@0.1.0 build
> tsc -b && vite build

'tsc' is not recognized as an internal or external command,
operable program or batch file.
