﻿2026-07-13 16:50:19 [[31m'error'[39m]: Lecture.findOne(...).populate is not a function {"stack":"TypeError: Lecture.findOne(...).populate is not a function\n    at populate (C:\\Users\\M hamza\\Downloads\\EduNext (1)\\server\\src\\controllers\\courseController.js:260:83)\n    at fn (C:\\Users\\M hamza\\Downloads\\EduNext (1)\\server\\src\\middlewares\\errorHandler.js:14:19)\n    at Layer.handle [as handle_request] (C:\\Users\\M hamza\\Downloads\\EduNext (1)\\server\\node_modules\\express\\lib\\router\\layer.js:95:5)\n    at next (C:\\Users\\M hamza\\Downloads\\EduNext (1)\\server\\node_modules\\express\\lib\\router\\route.js:149:13)\n    at next (C:\\Users\\M hamza\\Downloads\\EduNext (1)\\server\\src\\middlewares\\auth.js:40:3)\n    at Layer.handle [as handle_request] (C:\\Users\\M hamza\\Downloads\\EduNext (1)\\server\\node_modules\\express\\lib\\router\\layer.js:95:5)\n    at next (C:\\Users\\M hamza\\Downloads\\EduNext (1)\\server\\node_modules\\express\\lib\\router\\route.js:149:13)\n    at next (C:\\Users\\M hamza\\Downloads\\EduNext (1)\\server\\src\\middlewares\\auth.js:25:5)\n    at processTicksAndRejections (node:internal/process/task_queues:104:5)","url":"/api/v1/courses/lectures/lecture_001/upload-signature","method":"POST"}
2026-07-13 16:50:19 [[31m'error'[39m]: Lecture.findOne(...).populate is not a function {"stack":"TypeError: Lecture.findOne(...).populate is not a function\n    at populate (C:\\Users\\M hamza\\Downloads\\EduNext (1)\\server\\src\\controllers\\courseController.js:300:83)\n    at fn (C:\\Users\\M hamza\\Downloads\\EduNext (1)\\server\\src\\middlewares\\errorHandler.js:14:19)\n    at Layer.handle [as handle_request] (C:\\Users\\M hamza\\Downloads\\EduNext (1)\\server\\node_modules\\express\\lib\\router\\layer.js:95:5)\n    at next (C:\\Users\\M hamza\\Downloads\\EduNext (1)\\server\\node_modules\\express\\lib\\router\\route.js:149:13)\n    at next (C:\\Users\\M hamza\\Downloads\\EduNext (1)\\server\\src\\middlewares\\auth.js:40:3)\n    at Layer.handle [as handle_request] (C:\\Users\\M hamza\\Downloads\\EduNext (1)\\server\\node_modules\\express\\lib\\router\\layer.js:95:5)\n    at next (C:\\Users\\M hamza\\Downloads\\EduNext (1)\\server\\node_modules\\express\\lib\\router\\route.js:149:13)\n    at next (C:\\Users\\M hamza\\Downloads\\EduNext (1)\\server\\src\\middlewares\\auth.js:25:5)\n    at processTicksAndRejections (node:internal/process/task_queues:104:5)","url":"/api/v1/courses/lectures/lecture_001/confirm-upload","method":"POST"}
